// Jest Snapshot v1, https://goo.gl/fbAQLP

exports[`BasketCheckoutPage shoudl match snapshot 1`] = `
<div>
  <div>
    <h1>
      Please Fill in Details!!
    </h1>
    <form
      action="#"
      class="checkout-form"
    >
      <div>
        <label
          for="firstName"
        >
          First Name:
        </label>
        <input
          id="firstName"
          name="firstName"
          type="text"
          value=""
        />
      </div>
      <div>
        <label
          for="lastName"
        >
          Last Name:
        </label>
        <input
          id="lastName"
          name="lastName"
          type="text"
          value=""
        />
      </div>
      <div>
        <label
          for="email"
        >
          Email Address:
        </label>
        <input
          id="email"
          name="email"
          type="email"
          value=""
        />
      </div>
      <button
        id="submit"
        type="submit"
      >
        Submit
      </button>
    </form>
  </div>
</div>
`;
