// Jest Snapshot v1, https://goo.gl/fbAQLP

exports[`AllOrdersPage should match snapshot for AllOrdersPage component 1`] = `
<div>
  <div>
    <p
      class="all-orders"
    >
      All Orders
    </p>
    <hr />
    <p
      class="past-orders"
    >
      Past Orders(2)
    </p>
    <div
      class="order-table-container"
    >
      <table
        class="order-table"
      >
        <thead>
          <tr
            class="order-table-header"
          >
            <th>
              Order
            </th>
            <th>
              Item
            </th>
            <th>
              Date
            </th>
            <th>
              Amount
            </th>
          </tr>
        </thead>
        <tbody>
          <tr
            class="order-details"
          >
            <td>
              order id: 1
            </td>
            <td />
            <td>
              NaN-NaN-NaN
            </td>
            <td>
              40
            </td>
          </tr>
        </tbody>
      </table>
      <div
        class="order-item-container"
      >
        <table
          class="order-item-table"
        >
          <thead>
            <tr
              class="order-item"
            >
              <th>
                Item Description
              </th>
              <th>
                Unit Price
              </th>
              <th>
                Quantity
              </th>
              <th>
                SubTotal
              </th>
            </tr>
          </thead>
          <tbody>
            <tr
              class="order-category"
            >
              <td>
                Fruits & Vegatables
              </td>
              <td>
                 
              </td>
              <td>
                 
              </td>
              <td>
                 
              </td>
            </tr>
            <tr
              class="item"
            >
              <td>
                Banana-Robusta
              </td>
              <td>
                40
              </td>
              <td>
                0
              </td>
              <td
                data-testid="item-amount"
              >
                0
              </td>
            </tr>
            <tr
              class="order-item-total"
            >
              <td>
                 
              </td>
              <td>
                 
              </td>
              <td>
                Total:
              </td>
              <td>
                40
              </td>
            </tr>
          </tbody>
        </table>
      </div>
      <table
        class="order-table"
      >
        <thead>
          <tr
            class="order-table-header"
          >
            <th>
              Order
            </th>
            <th>
              Item
            </th>
            <th>
              Date
            </th>
            <th>
              Amount
            </th>
          </tr>
        </thead>
        <tbody>
          <tr
            class="order-details"
          >
            <td>
              order id: 2
            </td>
            <td />
            <td>
              NaN-NaN-NaN
            </td>
            <td>
              40
            </td>
          </tr>
        </tbody>
      </table>
      <div
        class="order-item-container"
      >
        <table
          class="order-item-table"
        >
          <thead>
            <tr
              class="order-item"
            >
              <th>
                Item Description
              </th>
              <th>
                Unit Price
              </th>
              <th>
                Quantity
              </th>
              <th>
                SubTotal
              </th>
            </tr>
          </thead>
          <tbody>
            <tr
              class="order-category"
            >
              <td>
                Fruits & Vegatables
              </td>
              <td>
                 
              </td>
              <td>
                 
              </td>
              <td>
                 
              </td>
            </tr>
            <tr
              class="item"
            >
              <td>
                Banana-Robusta
              </td>
              <td>
                40
              </td>
              <td>
                0
              </td>
              <td
                data-testid="item-amount"
              >
                0
              </td>
            </tr>
            <tr
              class="order-item-total"
            >
              <td>
                 
              </td>
              <td>
                 
              </td>
              <td>
                Total:
              </td>
              <td>
                40
              </td>
            </tr>
          </tbody>
        </table>
      </div>
    </div>
  </div>
</div>
`;
