// Jest Snapshot v1, https://goo.gl/fbAQLP

exports[`App should match snapshot 1`] = `
<div>
  <div>
    <label
      for="theme-input"
    >
      Change Theme mode
    </label>
    <input
      id="theme-input"
      type="checkbox"
    />
    <div
      class="header-dark"
    >
      <a
        href="/"
      >
        <p
          class="header-tab-dark eshopper"
        >
          E-shopper
        </p>
      </a>
      <div
        class="header-right"
      >
        <a
          href="/order"
        >
          <p
            class="header-tab-dark orders"
          >
            All Orders
          </p>
        </a>
        <a
          href="/cart"
        >
          <div
            class="header-basket-container"
          >
            <img
              alt="logo"
              class="header-basket-image"
              src="basket.png"
            />
            <p
              class="header-tab-dark items"
            >
              Basket Items:
            </p>
            <p
              class="header-tab-dark items"
            >
              0
            </p>
          </div>
        </a>
      </div>
    </div>
    <div
      class="home"
    >
      <div
        class="home-page"
      >
        <div
          class="home-category"
        >
          <strong>
            Fruits & Vegatables
          </strong>
          <div
            class="home-category-row"
            data-testid="home-category-row"
          >
            <div
              class="product-card"
              data-testid="product-card"
            >
              <img
                alt="product"
                src="https://images.pexels.com/photos/61127/pexels-photo-61127.jpeg?auto=compress&cs=tinysrgb&dpr=2&w=500"
              />
              <div
                class="product-seller"
              />
              <div
                class="product-name"
              >
                apple
              </div>
              <div
                class="product-quantity"
              >
                In stock: 20
              </div>
              <div
                class="product-card-box"
              >
                <div
                  class="product-price"
                >
                  MRP: 120 /-
                </div>
                <div
                  class="quantity-container"
                >
                  <button
                    class="quantity-inc-button"
                    type="button"
                  >
                    +
                  </button>
                  <span
                    class="quantity-basket-count"
                  >
                    0 in Basket
                  </span>
                  <button
                    class="quantity-dec-button"
                    type="button"
                  >
                    -
                  </button>
                </div>
              </div>
            </div>
          </div>
        </div>
        <div
          class="home-category"
        >
          <strong>
            Household Items
          </strong>
          <div
            class="home-category-row"
            data-testid="home-category-row"
          >
            <div
              class="product-card"
              data-testid="product-card"
            >
              <img
                alt="product"
                src="https://images.pexels.com/photos/61127/pexels-photo-61127.jpeg?auto=compress&cs=tinysrgb&dpr=2&w=500"
              />
              <div
                class="product-seller"
              />
              <div
                class="product-name"
              >
                table cloth
              </div>
              <div
                class="product-quantity"
              >
                In stock: 3
              </div>
              <div
                class="product-card-box"
              >
                <div
                  class="product-price"
                >
                  MRP: 200 /-
                </div>
                <div
                  class="quantity-container"
                >
                  <button
                    class="quantity-inc-button"
                    type="button"
                  >
                    +
                  </button>
                  <span
                    class="quantity-basket-count"
                  >
                    0 in Basket
                  </span>
                  <button
                    class="quantity-dec-button"
                    type="button"
                  >
                    -
                  </button>
                </div>
              </div>
            </div>
          </div>
        </div>
      </div>
    </div>
  </div>
</div>
`;
