// Jest Snapshot v1, https://goo.gl/fbAQLP

exports[`App should match snapshot 1`] = `
<div>
  <div>
    <label
      for="theme-input"
    >
      Change Theme mode
    </label>
    <input
      id="theme-input"
      type="checkbox"
    />
    <div
      class="header-dark"
    >
      <a
        href="/"
      >
        <p
          class="header-tab-dark eshopper"
        >
          E-shopper
        </p>
      </a>
      <div
        class="header-right"
      >
        <a
          href="/order"
        >
          <p
            class="header-tab-dark orders"
          >
            All Orders
          </p>
        </a>
        <a
          href="/cart"
        >
          <p
            class="header-tab-dark items"
          >
            Basket Items: 0
          </p>
        </a>
      </div>
    </div>
    <div
      class="home"
    >
      <div
        class="home-page"
      >
        <div
          class="home-category"
        >
          <strong>
            Fruits and Vegetables
          </strong>
        </div>
        <div
          class="fruits-vegetables-row"
        >
          <div
            class="product-card"
          >
            <img
              alt="product"
              src="https://images.pexels.com/photos/61127/pexels-photo-61127.jpeg?auto=compress&cs=tinysrgb&dpr=2&w=500"
            />
            <div
              class="product-seller"
            >
              Fresho
            </div>
            <div
              class="product-name"
            >
              Banana-Robusta
            </div>
            <div
              class="product-quantity"
            >
              1kg
            </div>
            <div
              class="product-card-box"
            >
              <div
                class="product-price"
              >
                MRP: 40 /-
              </div>
              <div
                class="quantity-container"
              >
                <button
                  class="quantity-inc-button"
                  type="button"
                >
                  +
                </button>
                <span
                  class="quantity-basket-count"
                >
                  0 in Basket
                </span>
                <button
                  class="quantity-dec-button"
                  type="button"
                >
                  -
                </button>
              </div>
            </div>
          </div>
          <div
            class="product-card"
          >
            <img
              alt="product"
              src="https://thumbs.dreamstime.com/b/mango-leaf-long-slices-isolated-white-background-fresh-cut-as-package-design-element-71454082.jpg"
            />
            <div
              class="product-seller"
            >
              Fresho
            </div>
            <div
              class="product-name"
            >
              Mango
            </div>
            <div
              class="product-quantity"
            >
              1kg
            </div>
            <div
              class="product-card-box"
            >
              <div
                class="product-price"
              >
                MRP: 50 /-
              </div>
              <div
                class="quantity-container"
              >
                <button
                  class="quantity-inc-button"
                  type="button"
                >
                  +
                </button>
                <span
                  class="quantity-basket-count"
                >
                  0 in Basket
                </span>
                <button
                  class="quantity-dec-button"
                  type="button"
                >
                  -
                </button>
              </div>
            </div>
          </div>
          <div
            class="product-card"
          >
            <img
              alt="product"
              src="https://images.pexels.com/photos/102104/pexels-photo-102104.jpeg?auto=compress&cs=tinysrgb&dpr=2&w=500"
            />
            <div
              class="product-seller"
            >
              Fresho
            </div>
            <div
              class="product-name"
            >
              Apple
            </div>
            <div
              class="product-quantity"
            >
              1kg
            </div>
            <div
              class="product-card-box"
            >
              <div
                class="product-price"
              >
                MRP: 70 /-
              </div>
              <div
                class="quantity-container"
              >
                <button
                  class="quantity-inc-button"
                  type="button"
                >
                  +
                </button>
                <span
                  class="quantity-basket-count"
                >
                  0 in Basket
                </span>
                <button
                  class="quantity-dec-button"
                  type="button"
                >
                  -
                </button>
              </div>
            </div>
          </div>
          <div
            class="product-card"
          >
            <img
              alt="product"
              src="https://images.pexels.com/photos/61127/pexels-photo-61127.jpeg?auto=compress&cs=tinysrgb&dpr=2&w=500"
            />
            <div
              class="product-seller"
            >
              Fresho
            </div>
            <div
              class="product-name"
            >
              Banana-Organic
            </div>
            <div
              class="product-quantity"
            >
              1kg
            </div>
            <div
              class="product-card-box"
            >
              <div
                class="product-price"
              >
                MRP: 40 /-
              </div>
              <div
                class="quantity-container"
              >
                <button
                  class="quantity-inc-button"
                  type="button"
                >
                  +
                </button>
                <span
                  class="quantity-basket-count"
                >
                  0 in Basket
                </span>
                <button
                  class="quantity-dec-button"
                  type="button"
                >
                  -
                </button>
              </div>
            </div>
          </div>
        </div>
      </div>
    </div>
  </div>
</div>
`;
